10-07 16:28:23.182: D/BtGatt.ScanManager(13908): handling starting scan
10-07 16:28:23.185: D/BtGatt.ScanManager(13908): configureRegularScanParams() - queue=2
10-07 16:28:23.185: D/BtGatt.ScanManager(13908): configureRegularScanParams() - ScanSetting Scan mode=2 mLastConfiguredScanSetting=2
10-07 16:28:23.957: I/chromium(13824): [INFO:CONSOLE(22528)] "start get service:D0:B5:2B:A7:59:84", source: file:///android_asset/www/canvas/MESH.js (22528)
10-07 16:28:23.959: D/BluetoothGatt(13824): discoverServices() - device: D0:B5:2B:A7:59:84
10-07 16:28:23.962: D/BtGatt.GattService(13908): discoverServices() - address=D0:B5:2B:A7:59:84, connId=7
10-07 16:28:23.965: D/BtGatt.GattService(13908): onSearchCompleted() - connId=7, status=0
10-07 16:28:23.974: D/BluetoothGatt(13824): onSearchComplete() = Device=D0:B5:2B:A7:59:84 Status=0
10-07 16:28:23.982: I/chromium(13824): [INFO:CONSOLE(22570)] "get service successD0:B5:2B:A7:59:84", source: file:///android_asset/www/canvas/MESH.js (22570)
10-07 16:28:24.089: I/chromium(13824): [INFO:CONSOLE(22793)] "start pairing : MESH-100BU1001883", source: file:///android_asset/www/canvas/MESH.js (22793)
10-07 16:28:24.101: D/BluetoothGatt(13824): setCharacteristicNotification() - uuid: 72c90005-57a9-4d40-b746-534e22ec9f9e enable: true
10-07 16:28:24.104: D/BtGatt.GattService(13908): registerForNotification() - address=D0:B5:2B:A7:59:84 enable: true
10-07 16:28:24.105: D/BtGatt.GattService(13908): onRegisterForNotifications() - address=null, status=0, registered=1, charUuid=72c90005-57a9-4d40-b746-534e22ec9f9e
10-07 16:28:24.185: I/chromium(13824): [INFO:CONSOLE(23221)] "BLE Notification ACK data: 0002029b490f00010105010749000a59", source: file:///android_asset/www/canvas/MESH.js (23221)
10-07 16:28:24.216: I/chromium(13824): [INFO:CONSOLE(23516)] "BLE Write CharacteristicWithACK: 00020103", source: file:///android_asset/www/canvas/MESH.js (23516)
10-07 16:28:24.330: D/audio_hw_spkr_prot(672): audio_extn_fbsp_get_parameters: Speaker protection disabled
10-07 16:28:24.330: D/audio_hw_extn(672): audio_extn_get_parameters: returns 
10-07 16:28:24.330: W/NuPlayer(672): notifyHighResolutionInfo: failed to find mime type
10-07 16:28:24.331: W/MediaPlayer(13824): info/warning (699, 902)
10-07 16:28:24.331: W/MediaPlayer(13824): info/warning (699, 903)
10-07 16:28:24.331: E/MediaPlayer(13824): MEDIA_INFO_HIGH_RESOLUTION_INFO
10-07 16:28:24.331: E/MediaPlayer(13824): getParcelParameter(KEY_PARAMETER_AUDIO_BIT_PER_SAMPLE):16
10-07 16:28:24.332: E/MediaPlayer(13824): getParcelParameter(KEY_PARAMETER_AUDIO_SAMPLE_RATE):48000
10-07 16:28:24.332: E/MediaPlayer(13824): MEDIA_INFO_HIGH_RESOLUTION_INFO
10-07 16:28:24.332: E/MediaPlayer(13824): getParcelParameter(KEY_PARAMETER_AUDIO_BIT_PER_SAMPLE):16
10-07 16:28:24.332: E/MediaPlayer(13824): getParcelParameter(KEY_PARAMETER_AUDIO_SAMPLE_RATE):48000
10-07 16:28:24.333: I/chromium(13824): [INFO:CONSOLE(23221)] "BLE Notification ACK data: 00030000000000000003", source: file:///android_asset/www/canvas/MESH.js (23221)
10-07 16:28:24.337: D/BluetoothGatt(13824): setCharacteristicNotification() - uuid: 72c90003-57a9-4d40-b746-534e22ec9f9e enable: true
10-07 16:28:24.337: D/BtGatt.GattService(13908): registerForNotification() - address=D0:B5:2B:A7:59:84 enable: true
10-07 16:28:24.338: D/BtGatt.GattService(13908): onRegisterForNotifications() - address=null, status=0, registered=1, charUuid=72c90003-57a9-4d40-b746-534e22ec9f9e
10-07 16:28:24.353: W/MediaClock(672): reject anchor time since it is negative.
10-07 16:28:24.354: W/MediaClock(672): reject anchor time since it is negative.
10-07 16:28:24.354: E/ExtendedNuUtils(672): zero sized buffer, nothing to convert
10-07 16:28:24.354: W/ExtendedNuPlayerRenderer(672): error 0xffffffea in converting to sink format, drop buffer
10-07 16:28:24.372: D/msm8974_platform(672): platform_check_codec_backend_cfg: resetting sample_rate back to default, backend_idx: 0
10-07 16:28:24.372: E/ANDR-PERF-RESOURCEQS(3515): Failed to apply optimization [4, 0]
10-07 16:28:24.372: D/hardware_info(672): hw_info_append_hw_type : device_name = speaker-fluid
10-07 16:28:24.378: E/audio_hw_dolby(672): audio_extn_dolby_ds2_set_endpoint: Dolby set endpint :0x2
10-07 16:28:24.378: D/soundtrigger(672): audio_extn_sound_trigger_update_stream_status: uc_id 0 of type 0 for Event 3, with Raise=0
10-07 16:28:24.379: D/ACDB-LOADER(672): ACDB -> send_audio_cal, acdb_id = 14, path = 0, app id = 0x11130, sample rate = 48000
10-07 16:28:24.379: D/ACDB-LOADER(672): ACDB -> send_asm_topology
10-07 16:28:24.379: D/ACDB-LOADER(672): ACDB -> ACDB_CMD_GET_AUDPROC_STREAM_TOPOLOGY_ID
10-07 16:28:24.379: D/ACDB-LOADER(672): ACDB -> send_adm_topology
10-07 16:28:24.379: D/ACDB-LOADER(672): ACDB -> ACDB_CMD_GET_AUDPROC_COMMON_TOPOLOGY_ID
10-07 16:28:24.379: D/ACDB-LOADER(672): ACDB -> send_audtable
10-07 16:28:24.379: D/ACDB-LOADER(672): ACDB -> ACDB_CMD_GET_AUDPROC_COMMON_TABLE_SIZE
10-07 16:28:24.379: D/ACDB-LOADER(672): ACDB -> ACDB_CMD_GET_AUDPROC_COMMON_TABLE
10-07 16:28:24.379: D/ACDB-LOADER(672): ACDB -> AUDIO_SET_AUDPROC_CAL
10-07 16:28:24.379: D/ACDB-LOADER(672): ACDB -> send_audvoltable
10-07 16:28:24.379: D/ACDB-LOADER(672): ACDB -> ACDB_CMD_GET_AUDPROC_GAIN_DEP_STEP_TABLE, vol index 5
10-07 16:28:24.379: D/ACDB-LOADER(672): ACDB -> AUDIO_SET_VOL_CAL cal type = 12
10-07 16:28:24.379: D/ACDB-LOADER(672): ACDB -> send_audstrmtable
10-07 16:28:24.379: D/ACDB-LOADER(672): ACDB -> ACDB_CMD_GET_AUDPROC_STREAM_TABLE_V2
10-07 16:28:24.379: D/ACDB-LOADER(672): ACDB -> audstrm_cal->cal_type.cal_data.cal_size = 456
10-07 16:28:24.379: D/ACDB-LOADER(672): ACDB -> send_afe_topology
10-07 16:28:24.379: D/ACDB-LOADER(672): ACDB -> ACDB_CMD_GET_AFE_TOPOLOGY_ID
10-07 16:28:24.379: D/ACDB-LOADER(672): ACDB -> GET_AFE_TOPOLOGY_ID for adcd_id 14, Topology Id 1025e
10-07 16:28:24.379: D/ACDB-LOADER(672): ACDB -> send_afe_cal
10-07 16:28:24.379: D/ACDB-LOADER(672): ACDB -> ACDB_CMD_GET_AFE_COMMON_TABLE
10-07 16:28:24.379: D/ACDB-LOADER(672): ACDB -> AUDIO_SET_AFE_CAL
10-07 16:28:24.379: D/ACDB-LOADER(672): ACDB -> send_hw_delay : acdb_id = 14 path = 0
10-07 16:28:24.379: D/ACDB-LOADER(672): ACDB -> ACDB_AVSYNC_INFO: ACDB_CMD_GET_DEVICE_PROPERTY
10-07 16:28:24.381: D/msm8974_platform(672): platform_set_channel_map mixer_ctl_name:Playback Channel Map0
10-07 16:28:24.381: D/msm8974_platform(672): platform_set_channel_map: set mapping(1 2 0 0 0 0 0 0) for channel:2
10-07 16:28:25.108: I/chromium(13824): [INFO:CONSOLE(11128)] "Kill -20 Zombies", source: file:///android_asset/www/canvas/MESH.js (11128)
10-07 16:28:25.159: D/BluetoothAdapter(8571): stopLeScan()
10-07 16:28:25.162: D/BluetoothAdapter(8571): STATE_ON
10-07 16:28:25.164: D/BtGatt.GattService(13908): stopScan() - queue size =2
10-07 16:28:25.165: D/BtGatt.GattService(13908): unregisterClient() - clientIf=5
10-07 16:28:25.166: D/BtGatt.ScanManager(13908): configureRegularScanParams() - queue=1
10-07 16:28:25.166: D/BtGatt.ScanManager(13908): configureRegularScanParams() - ScanSetting Scan mode=2 mLastConfiguredScanSetting=2
10-07 16:28:25.166: D/BluetoothAdapter(8571): startLeScan(): null
10-07 16:28:25.169: D/BluetoothAdapter(8571): STATE_ON
10-07 16:28:25.174: D/BtGatt.GattService(13908): registerClient() - UUID=3b4fc443-45db-4914-8eff-9b0c0d0e4cc9
10-07 16:28:25.175: D/BtGatt.GattService(13908): onClientRegistered() - UUID=3b4fc443-45db-4914-8eff-9b0c0d0e4cc9, clientIf=5
10-07 16:28:25.175: D/BluetoothLeScanner(8571): onClientRegistered() - status=0 clientIf=5
10-07 16:28:25.176: D/BtGatt.GattService(13908): start scan with filters
10-07 16:28:25.180: E/BluetoothUtils(13908): Permission denial: Need ACCESS_COARSE_LOCATION or ACCESS_FINE_LOCATION permission to get scan results
10-07 16:28:25.181: D/BtGatt.ScanManager(13908): handling starting scan
10-07 16:28:25.191: D/BtGatt.ScanManager(13908): configureRegularScanParams() - queue=2
10-07 16:28:25.191: D/BtGatt.ScanManager(13908): configureRegularScanParams() - ScanSetting Scan mode=2 mLastConfiguredScanSetting=2
10-07 16:28:26.579: D/soundtrigger(672): audio_extn_sound_trigger_update_stream_status: uc_id 0 of type 0 for Event 2, with Raise=0
10-07 16:28:26.579: D/hardware_info(672): hw_info_append_hw_type : device_name = speaker-fluid
10-07 16:28:26.926: I/NextiIntlDialAssistUtils(1493): onSignalStrengthsChanged()...signalStrength=SignalStrength: 99 0 -120 -160 -120 -1 -1 28 -82 -6 264 2147483647 2147483647 2147483647 gsm|lte
10-07 16:28:27.160: D/BluetoothAdapter(8571): stopLeScan()
10-07 16:28:27.169: D/BluetoothAdapter(8571): STATE_ON
10-07 16:28:27.171: D/BtGatt.GattService(13908): stopScan() - queue size =2
10-07 16:28:27.173: D/BtGatt.ScanManager(13908): configureRegularScanParams() - queue=1
10-07 16:28:27.173: D/BtGatt.ScanManager(13908): configureRegularScanParams() - ScanSetting Scan mode=2 mLastConfiguredScanSetting=2
10-07 16:28:27.174: D/BtGatt.GattService(13908): unregisterClient() - clientIf=5
10-07 16:28:27.177: D/BluetoothAdapter(8571): startLeScan(): null
10-07 16:28:27.181: D/BluetoothAdapter(8571): STATE_ON
10-07 16:28:27.185: D/BtGatt.GattService(13908): registerClient() - UUID=3ea68d52-6348-4a2a-98d4-f294c8625283
10-07 16:28:27.186: D/BtGatt.GattService(13908): onClientRegistered() - UUID=3ea68d52-6348-4a2a-98d4-f294c8625283, clientIf=5
10-07 16:28:27.187: D/BluetoothLeScanner(8571): onClientRegistered() - status=0 clientIf=5
10-07 16:28:27.190: D/BtGatt.GattService(13908): start scan with filters
10-07 16:28:27.195: E/BluetoothUtils(13908): Permission denial: Need ACCESS_COARSE_LOCATION or ACCESS_FINE_LOCATION permission to get scan results
10-07 16:28:27.197: D/BtGatt.ScanManager(13908): handling starting scan
10-07 16:28:27.201: D/BtGatt.ScanManager(13908): configureRegularScanParams() - queue=2
10-07 16:28:27.201: D/BtGatt.ScanManager(13908): configureRegularScanParams() - ScanSetting Scan mode=2 mLastConfiguredScanSetting=2
10-07 16:28:29.160: D/BluetoothAdapter(8571): stopLeScan()
10-07 16:28:29.163: D/BluetoothAdapter(8571): STATE_ON
10-07 16:28:29.165: D/BtGatt.GattService(13908): stopScan() - queue size =2
10-07 16:28:29.166: D/BtGatt.ScanManager(13908): configureRegularScanParams() - queue=1
10-07 16:28:29.166: D/BtGatt.ScanManager(13908): configureRegularScanParams() - ScanSetting Scan mode=2 mLastConfiguredScanSetting=2
10-07 16:28:29.167: D/BtGatt.GattService(13908): unregisterClient() - clientIf=5
10-07 16:28:29.168: D/BluetoothAdapter(8571): startLeScan(): null
10-07 16:28:29.173: D/BluetoothAdapter(8571): STATE_ON
10-07 16:28:29.182: D/BtGatt.GattService(13908): registerClient() - UUID=1ed7c20a-f732-4cda-b161-104481b67dea
10-07 16:28:29.183: D/BtGatt.GattService(13908): onClientRegistered() - UUID=1ed7c20a-f732-4cda-b161-104481b67dea, clientIf=5
10-07 16:28:29.183: D/BluetoothLeScanner(8571): onClientRegistered() - status=0 clientIf=5
10-07 16:28:29.184: D/BtGatt.GattService(13908): start scan with filters
10-07 16:28:29.192: E/BluetoothUtils(13908): Permission denial: Need ACCESS_COARSE_LOCATION or ACCESS_FINE_LOCATION permission to get scan results
10-07 16:28:29.197: D/BtGatt.ScanManager(13908): handling starting scan
10-07 16:28:29.204: D/BtGatt.ScanManager(13908): configureRegularScanParams() - queue=2
10-07 16:28:29.204: D/BtGatt.ScanManager(13908): configureRegularScanParams() - ScanSetting Scan mode=2 mLastConfiguredScanSetting=2
10-07 16:28:30.100: D/bt_low_power_manager(13908): stop_idle_timer
10-07 16:28:30.107: D/bt_low_power_manager(13908): start_idle_timer check_LPM = 0
10-07 16:28:30.112: I/chromium(13824): [INFO:CONSOLE(11128)] "Kill -20 Zombies", source: file:///android_asset/www/canvas/MESH.js (11128)
10-07 16:28:31.162: D/BluetoothAdapter(8571): stopLeScan()
10-07 16:28:31.173: D/BluetoothAdapter(8571): STATE_ON
10-07 16:28:31.178: D/BtGatt.GattService(13908): stopScan() - queue size =2
10-07 16:28:31.179: D/BtGatt.ScanManager(13908): configureRegularScanParams() - queue=1
10-07 16:28:31.179: E/BluetoothServiceJni(13908): An exception was thrown by callback 'btgattc_scan_result_cb'.
10-07 16:28:31.179: D/BtGatt.ScanManager(13908): configureRegularScanParams() - ScanSetting Scan mode=2 mLastConfiguredScanSetting=2
10-07 16:28:31.180: E/BluetoothServiceJni(13908): java.util.ConcurrentModificationException
10-07 16:28:31.180: E/BluetoothServiceJni(13908): 	at java.util.HashMap$HashIterator.nextEntry(HashMap.java:787)
10-07 16:28:31.180: E/BluetoothServiceJni(13908): 	at java.util.HashMap$KeyIterator.next(HashMap.java:814)
10-07 16:28:31.180: E/BluetoothServiceJni(13908): 	at com.android.bluetooth.gatt.GattService.onScanResult(GattService.java:620)
10-07 16:28:31.192: D/BtGatt.GattService(13908): unregisterClient() - clientIf=5
10-07 16:28:31.193: D/BluetoothAdapter(8571): startLeScan(): null
10-07 16:28:31.198: D/BluetoothAdapter(8571): STATE_ON
10-07 16:28:31.204: D/BtGatt.GattService(13908): registerClient() - UUID=6fbadee9-7861-4161-b1e8-8c6f30c040f2
10-07 16:28:31.205: D/BtGatt.GattService(13908): onClientRegistered() - UUID=6fbadee9-7861-4161-b1e8-8c6f30c040f2, clientIf=5
10-07 16:28:31.205: D/BluetoothLeScanner(8571): onClientRegistered() - status=0 clientIf=5
10-07 16:28:31.206: D/BtGatt.GattService(13908): start scan with filters
10-07 16:28:31.216: E/BluetoothUtils(13908): Permission denial: Need ACCESS_COARSE_LOCATION or ACCESS_FINE_LOCATION permission to get scan results
10-07 16:28:31.220: D/BtGatt.ScanManager(13908): handling starting scan
10-07 16:28:31.224: D/BtGatt.ScanManager(13908): configureRegularScanParams() - queue=2
10-07 16:28:31.224: D/BtGatt.ScanManager(13908): configureRegularScanParams() - ScanSetting Scan mode=2 mLastConfiguredScanSetting=2
10-07 16:28:32.769: I/libmdmdetect(14151): No supported ESOC's found
10-07 16:28:32.770: I/libmdmdetect(14151): Found internal modem: modem
10-07 16:28:32.770: I/libmdmdetect(14151): modem subsystem found
10-07 16:28:32.771: I/libmdmdetect(14151): No supported ESOC's found
10-07 16:28:32.772: I/libmdmdetect(14151): Found internal modem: modem
10-07 16:28:32.772: I/libmdmdetect(14151): modem subsystem found
10-07 16:28:32.824: I/NextiIntlDialAssistUtils(1493): onSignalStrengthsChanged()...signalStrength=SignalStrength: 99 0 -120 -160 -120 -1 -1 27 -82 -5 254 2147483647 2147483647 2147483647 gsm|lte
10-07 16:28:33.163: D/BluetoothAdapter(8571): stopLeScan()
10-07 16:28:33.172: D/BluetoothAdapter(8571): STATE_ON
10-07 16:28:33.176: D/BtGatt.GattService(13908): stopScan() - queue size =2
10-07 16:28:33.178: D/BtGatt.ScanManager(13908): configureRegularScanParams() - queue=1
10-07 16:28:33.179: D/BtGatt.ScanManager(13908): configureRegularScanParams() - ScanSetting Scan mode=2 mLastConfiguredScanSetting=2
10-07 16:28:33.180: D/BtGatt.GattService(13908): unregisterClient() - clientIf=5
10-07 16:28:33.181: D/BluetoothAdapter(8571): startLeScan(): null
10-07 16:28:33.187: D/BluetoothAdapter(8571): STATE_ON
10-07 16:28:33.197: D/BtGatt.GattService(13908): registerClient() - UUID=02d36954-66e9-4cf2-a20f-41a9cead13f3
10-07 16:28:33.198: D/BtGatt.GattService(13908): onClientRegistered() - UUID=02d36954-66e9-4cf2-a20f-41a9cead13f3, clientIf=5
10-07 16:28:33.198: D/BluetoothLeScanner(8571): onClientRegistered() - status=0 clientIf=5
10-07 16:28:33.199: D/BtGatt.GattService(13908): start scan with filters
10-07 16:28:33.214: E/BluetoothUtils(13908): Permission denial: Need ACCESS_COARSE_LOCATION or ACCESS_FINE_LOCATION permission to get scan results
10-07 16:28:33.217: D/BtGatt.ScanManager(13908): handling starting scan
10-07 16:28:33.222: D/BtGatt.ScanManager(13908): configureRegularScanParams() - queue=2
10-07 16:28:33.222: D/BtGatt.ScanManager(13908): configureRegularScanParams() - ScanSetting Scan mode=2 mLastConfiguredScanSetting=2
10-07 16:28:35.111: I/chromium(13824): [INFO:CONSOLE(11128)] "Kill -20 Zombies", source: file:///android_asset/www/canvas/MESH.js (11128)
10-07 16:28:35.163: D/BluetoothAdapter(8571): stopLeScan()
10-07 16:28:35.168: D/BluetoothAdapter(8571): STATE_ON
10-07 16:28:35.170: D/BtGatt.GattService(13908): stopScan() - queue size =2
10-07 16:28:35.171: D/BtGatt.ScanManager(13908): configureRegularScanParams() - queue=1
10-07 16:28:35.171: D/BtGatt.ScanManager(13908): configureRegularScanParams() - ScanSetting Scan mode=2 mLastConfiguredScanSetting=2
10-07 16:28:35.173: D/BtGatt.GattService(13908): unregisterClient() - clientIf=5
10-07 16:28:35.174: D/BluetoothAdapter(8571): startLeScan(): null
10-07 16:28:35.179: D/BluetoothAdapter(8571): STATE_ON
10-07 16:28:35.189: D/BtGatt.GattService(13908): registerClient() - UUID=d9fb6c93-fe1f-4dd8-8ffa-ee40721eb1a0
10-07 16:28:35.190: D/BtGatt.GattService(13908): onClientRegistered() - UUID=d9fb6c93-fe1f-4dd8-8ffa-ee40721eb1a0, clientIf=5
10-07 16:28:35.191: D/BluetoothLeScanner(8571): onClientRegistered() - status=0 clientIf=5
10-07 16:28:35.191: D/BtGatt.GattService(13908): start scan with filters
10-07 16:28:35.199: E/BluetoothUtils(13908): Permission denial: Need ACCESS_COARSE_LOCATION or ACCESS_FINE_LOCATION permission to get scan results
10-07 16:28:35.204: D/BtGatt.ScanManager(13908): handling starting scan
10-07 16:28:35.211: D/BtGatt.ScanManager(13908): configureRegularScanParams() - queue=2
10-07 16:28:35.212: D/BtGatt.ScanManager(13908): configureRegularScanParams() - ScanSetting Scan mode=2 mLastConfiguredScanSetting=2
10-07 16:28:37.164: D/BluetoothAdapter(8571): stopLeScan()
10-07 16:28:37.173: I/NextiIntlDialAssistUtils(1493): onSignalStrengthsChanged()...signalStrength=SignalStrength: 99 0 -120 -160 -120 -1 -1 28 -82 -6 268 2147483647 2147483647 2147483647 gsm|lte
10-07 16:28:37.174: D/BluetoothAdapter(8571): STATE_ON
10-07 16:28:37.176: D/BtGatt.GattService(13908): stopScan() - queue size =2
10-07 16:28:37.178: D/BtGatt.ScanManager(13908): configureRegularScanParams() - queue=1
10-07 16:28:37.178: D/BtGatt.ScanManager(13908): configureRegularScanParams() - ScanSetting Scan mode=2 mLastConfiguredScanSetting=2
10-07 16:28:37.182: D/BtGatt.GattService(13908): unregisterClient() - clientIf=5
10-07 16:28:37.183: D/BluetoothAdapter(8571): startLeScan(): null
10-07 16:28:37.191: D/BluetoothAdapter(8571): STATE_ON
10-07 16:28:37.201: D/BtGatt.GattService(13908): registerClient() - UUID=4379d3c6-b992-413f-a726-15a1380ad4f6
10-07 16:28:37.217: D/BtGatt.GattService(13908): onClientRegistered() - UUID=4379d3c6-b992-413f-a726-15a1380ad4f6, clientIf=5
10-07 16:28:37.218: D/BluetoothLeScanner(8571): onClientRegistered() - status=0 clientIf=5
10-07 16:28:37.218: D/BtGatt.GattService(13908): start scan with filters
10-07 16:28:37.225: E/BluetoothUtils(13908): Permission denial: Need ACCESS_COARSE_LOCATION or ACCESS_FINE_LOCATION permission to get scan results
10-07 16:28:37.228: D/BtGatt.ScanManager(13908): handling starting scan
10-07 16:28:37.233: D/BtGatt.ScanManager(13908): configureRegularScanParams() - queue=2
10-07 16:28:37.233: D/BtGatt.ScanManager(13908): configureRegularScanParams() - ScanSetting Scan mode=2 mLastConfiguredScanSetting=2
10-07 16:28:39.165: D/BluetoothAdapter(8571): stopLeScan()
10-07 16:28:39.173: D/BluetoothAdapter(8571): STATE_ON
10-07 16:28:39.176: D/BtGatt.GattService(13908): stopScan() - queue size =2
10-07 16:28:39.180: D/BtGatt.GattService(13908): unregisterClient() - clientIf=5
10-07 16:28:39.180: D/BtGatt.ScanManager(13908): configureRegularScanParams() - queue=1
10-07 16:28:39.180: D/BtGatt.ScanManager(13908): configureRegularScanParams() - ScanSetting Scan mode=2 mLastConfiguredScanSetting=2
10-07 16:28:39.182: D/BluetoothAdapter(8571): startLeScan(): null
10-07 16:28:39.189: D/BluetoothAdapter(8571): STATE_ON
10-07 16:28:39.198: D/BtGatt.GattService(13908): registerClient() - UUID=b5d01d76-5a13-4ca4-b066-081accb64fd4
10-07 16:28:39.199: D/BtGatt.GattService(13908): onClientRegistered() - UUID=b5d01d76-5a13-4ca4-b066-081accb64fd4, clientIf=5
10-07 16:28:39.199: D/BluetoothLeScanner(8571): onClientRegistered() - status=0 clientIf=5





10-07 16:38:23.661: D/BluetoothGatt(16033): discoverServices() - device: D0:B5:2B:A7:59:84
10-07 16:38:23.665: D/BtGatt.GattService(14387): discoverServices() - address=D0:B5:2B:A7:59:84, connId=5
10-07 16:38:23.667: D/BtGatt.GattService(14387): onSearchCompleted() - connId=5, status=0
10-07 16:38:23.675: D/BluetoothGatt(16033): onSearchComplete() = Device=D0:B5:2B:A7:59:84 Status=0
10-07 16:38:24.947: I/NextiIntlDialAssistUtils(1493): onSignalStrengthsChanged()...signalStrength=SignalStrength: 99 0 -120 -160 -120 -1 -1 30 -83 -10 234 2147483647 2147483647 2147483647 gsm|lte
10-07 16:38:25.638: I/libmdmdetect(16421): No supported ESOC's found
10-07 16:38:25.638: I/libmdmdetect(16421): Found internal modem: modem
10-07 16:38:25.638: I/libmdmdetect(16421): modem subsystem found
10-07 16:38:25.639: I/libmdmdetect(16421): No supported ESOC's found
10-07 16:38:25.639: I/libmdmdetect(16421): Found internal modem: modem
10-07 16:38:25.639: I/libmdmdetect(16421): modem subsystem found
10-07 16:38:29.752: I/NextiIntlDialAssistUtils(1493): onSignalStrengthsChanged()...signalStrength=SignalStrength: 99 0 -120 -160 -120 -1 -1 26 -86 -4 222 2147483647 2147483647 2147483647 gsm|lte
10-07 16:38:29.917: D/BluetoothGatt(16033): setCharacteristicNotification() - uuid: 72c90005-57a9-4d40-b746-534e22ec9f9e enable: true
10-07 16:38:29.920: D/BtGatt.GattService(14387): registerForNotification() - address=D0:B5:2B:A7:59:84 enable: true
10-07 16:38:29.920: D/BtGatt.GattService(14387): onRegisterForNotifications() - address=null, status=0, registered=1, charUuid=72c90005-57a9-4d40-b746-534e22ec9f9e
10-07 16:38:30.794: I/NextiIntlDialAssistUtils(1493): onSignalStrengthsChanged()...signalStrength=SignalStrength: 99 0 -120 -160 -120 -1 -1 26 -84 -5 242 2147483647 2147483647 2147483647 gsm|lte
10-07 16:38:32.316: D/HeadsetStateMachine(14387): Disconnected process message: 10, size: 0
10-07 16:38:32.317: W/ContextImpl(3420): Calling a method in the system process without a qualified user: android.app.ContextImpl.startService:1235 android.content.ContextWrapper.startService:581 jp.co.sharp.android.longenergymode.LongEnergyReceiver.startService:176 jp.co.sharp.android.longenergymode.LongEnergyReceiver.onReceive:52 android.app.LoadedApk$ReceiverDispatcher$Args.run:920 
10-07 16:38:32.366: W/cnss_diag(689): type=1400 audit(0.0:31288): avc: denied { search } for name="default" dev="tmpfs" ino=16462 scontext=u:r:wcnss_service:s0 tcontext=u:object_r:storage_file:s0 tclass=dir permissive=0
10-07 16:38:32.366: W/cnss_diag(689): type=1400 audit(0.0:31289): avc: denied { search } for name="default" dev="tmpfs" ino=16462 scontext=u:r:wcnss_service:s0 tcontext=u:object_r:storage_file:s0 tclass=dir permissive=0
10-07 16:38:32.376: W/cnss_diag(689): type=1400 audit(0.0:31290): avc: denied { search } for name="default" dev="tmpfs" ino=16462 scontext=u:r:wcnss_service:s0 tcontext=u:object_r:storage_file:s0 tclass=dir permissive=0
10-07 16:38:32.376: W/cnss_diag(689): type=1400 audit(0.0:31291): avc: denied { search } for name="default" dev="tmpfs" ino=16462 scontext=u:r:wcnss_service:s0 tcontext=u:object_r:storage_file:s0 tclass=dir permissive=0
10-07 16:38:32.376: W/cnss_diag(689): type=1400 audit(0.0:31292): avc: denied { search } for name="default" dev="tmpfs" ino=16462 scontext=u:r:wcnss_service:s0 tcontext=u:object_r:storage_file:s0 tclass=dir permissive=0
10-07 16:38:32.376: W/cnss_diag(689): type=1400 audit(0.0:31293): avc: denied { search } for name="default" dev="tmpfs" ino=16462 scontext=u:r:wcnss_service:s0 tcontext=u:object_r:storage_file:s0 tclass=dir permissive=0
10-07 16:38:32.376: W/cnss_diag(689): type=1400 audit(0.0:31294): avc: denied { search } for name="default" dev="tmpfs" ino=16462 scontext=u:r:wcnss_service:s0 tcontext=u:object_r:storage_file:s0 tclass=dir permissive=0
10-07 16:38:32.376: W/cnss_diag(689): type=1400 audit(0.0:31295): avc: denied { search } for name="default" dev="tmpfs" ino=16462 scontext=u:r:wcnss_service:s0 tcontext=u:object_r:storage_file:s0 tclass=dir permissive=0
10-07 16:38:32.391: D/bt_low_power_manager(14387): stop_idle_timer
10-07 16:38:32.393: E/WCNSS_FILTER(14413): do_read: read returned 0, err = No such file or directory, read bytes: 0, expected: 0
10-07 16:38:32.396: D/bt_low_power_manager(14387): start_idle_timer check_LPM = 0
10-07 16:38:32.429: E/KernelUidCpuTimeReader(1493): Failed to read uid_cputime: /proc/uid_cputime/show_uid_stat: open failed: ENOENT (No such file or directory)
10-07 16:38:32.876: W/cnss_diag(689): type=1400 audit(0.0:31296): avc: denied { search } for name="default" dev="tmpfs" ino=16462 scontext=u:r:wcnss_service:s0 tcontext=u:object_r:storage_file:s0 tclass=dir permissive=0
10-07 16:38:32.876: W/cnss_diag(689): type=1400 audit(0.0:31297): avc: denied { search } for name="default" dev="tmpfs" ino=16462 scontext=u:r:wcnss_service:s0 tcontext=u:object_r:storage_file:s0 tclass=dir permissive=0
10-07 16:38:33.101: E/KernelUidCpuTimeReader(1493): Failed to read uid_cputime: /proc/uid_cputime/show_uid_stat: open failed: ENOENT (No such file or directory)
10-07 16:38:33.145: W/ProcessCpuTracker(1493): Skipping unknown process pid 16524
10-07 16:38:33.745: I/LocalDisplayAdapter(1493): Start Light.setBrightness(), [1], brightnessMode: 2, brightnessLevel: 128
10-07 16:38:35.196: I/NextiIntlDialAssistUtils(1493): onSignalStrengthsChanged()...signalStrength=SignalStrength: 99 0 -120 -160 -120 -1 -1 26 -84 -4 232 2147483647 2147483647 2147483647 gsm|lte
10-07 16:38:35.698: I/libmdmdetect(16564): No supported ESOC's found
10-07 16:38:35.698: I/libmdmdetect(16564): Found internal modem: modem
10-07 16:38:35.698: I/libmdmdetect(16564): modem subsystem found
10-07 16:38:35.700: I/libmdmdetect(16564): No supported ESOC's found
10-07 16:38:35.700: I/libmdmdetect(16564): Found internal modem: modem
10-07 16:38:35.700: I/libmdmdetect(16564): modem subsystem found
10-07 16:38:36.642: D/HeadsetStateMachine(14387): Disconnected process message: 10, size: 0
10-07 16:38:36.655: W/ContextImpl(3420): Calling a method in the system process without a qualified user: android.app.ContextImpl.startService:1235 android.content.ContextWrapper.startService:581 jp.co.sharp.android.longenergymode.LongEnergyReceiver.startService:176 jp.co.sharp.android.longenergymode.LongEnergyReceiver.onReceive:52 android.app.LoadedApk$ReceiverDispatcher$Args.run:920 
10-07 16:38:39.095: I/PowerManagerService(1493): Nap time (uid 1000)...
10-07 16:38:39.096: I/PowerManagerService(1493): Going to sleep due to screen timeout (uid 1000)...
10-07 16:38:39.097: I/PowerManagerService(1493): Sleeping (uid 1000)...
10-07 16:38:39.193: E/ActivityThread(1848): Failed to find provider info for jp.co.sharp.android.eyeprintcontrolapp
10-07 16:38:39.194: E/EyeprintConfig(1848): isEyeprintUserEnrolled Exception java.lang.NullPointerException: Attempt to invoke interface method 'boolean android.database.Cursor.moveToFirst()' on a null object reference
10-07 16:38:39.607: I/LocalDisplayAdapter(1493): Start Light.setBrightness(), [0], brightnessMode: 2, brightnessLevel: 128
10-07 16:38:39.611: V/KeyguardServiceDelegate(1493): onScreenTurnedOff()
10-07 16:38:39.628: I/DisplayManagerService(1493): Display device changed state: "“à‘ ƒXƒNƒŠ[ƒ“", OFF
10-07 16:38:39.628: I/SDM(518): HWCDisplay::SetPowerMode: display = 0, mode = 0
10-07 16:38:39.628: I/SDM(518): DisplayBase::SetDisplayState: Set state = 0, display 0
10-07 16:38:39.798: E/ThermalEngine(692): TM Id 'SCREEN_STATE_MONITOR' Sensor 'screen_state' - alarm raised 1
10-07 16:38:39.799: I/PowerManagerNotifier(1493): power_screen_state : going to sleep why = 3
10-07 16:38:39.802: I/PowerManagerNotifier(1493): Sending go to sleep broadcast.
10-07 16:38:39.813: D/GripSensorManager:(1493): unregisterGripSensor() start
10-07 16:38:39.814: D/GripSensorManager:(1493): unregisterGripSensor() end ret=0
10-07 16:38:39.814: V/BrightKeepService(1493): changeCurrentStatus old=NormalState new=ScreenOffState
10-07 16:38:39.815: I/SmartScreenOffService(4731): stopPatternWatchingLocked: mIsPatternWatching = false
10-07 16:38:39.894: V/SRS_Proc(672): ParamSet string: screen_state=off
10-07 16:38:39.895: D/audio_hw_extn(672): audio_extn_set_anc_parameters: anc_enabled:0
10-07 16:38:39.895: D/audio_hw_spkr_prot(672): audio_extn_fbsp_set_parameters: Speaker protection disabled
10-07 16:38:39.895: E/bt_a2dp_hw(672): adev_set_parameters: ERROR: set param called even when stream out is null
10-07 16:38:39.886: W/cnss_diag(689): type=1400 audit(0.0:31298): avc: denied { search } for name="default" dev="tmpfs" ino=16462 scontext=u:r:wcnss_service:s0 tcontext=u:object_r:storage_file:s0 tclass=dir permissive=0
10-07 16:38:39.886: W/cnss_diag(689): type=1400 audit(0.0:31299): avc: denied { search } for name="default" dev="tmpfs" ino=16462 scontext=u:r:wcnss_service:s0 tcontext=u:object_r:storage_file:s0 tclass=dir permissive=0
10-07 16:38:39.959: D/NfcService(2380): computeDiscoveryParameters
10-07 16:38:39.960: E/BrcmNfcJni(2380): nfcManager_changeDiscovery: It is already the same discovery configuration
10-07 16:38:39.967: I/BrcmNfcNfa(2380): NFA_PowerOffSleepMode () start_stop=1
10-07 16:38:39.967: I/BrcmNfcNfa(2380): NFA got event 0x0114
10-07 16:38:39.967: I/BrcmNfcNfa(2380): nfa_dm_evt_hdlr event: NFA_DM_API_POWER_OFF_SLEEP_EVT (0x14)
10-07 16:38:39.967: I/BrcmNfcNfa(2380): nfa_dm_act_power_off_sleep ()
10-07 16:38:39.967: I/BrcmNfcNfa(2380): NFC_SetPowerOffSleep () enable = 1
10-07 16:38:39.967: I/BrcmNfcNfa(2380): nfc_main_sleepcontrol_sm_execute(0, 0)
10-07 16:38:39.967: I/BrcmNfcNfa(2380): nfc_main_sleepcontrol_sm_execute  DH=0, dh=1, OTHER=0, other=0
10-07 16:38:39.967: I/NfcNciHal(2380): HAL_NfcSetPonState ()
10-07 16:38:39.967: I/NfcNciHal(2380): HAL_NfcSetPonState ()
10-07 16:38:39.967: I/NfcNciHal(2380): [I][f:PonTerminalRequest][l:642] now:00300000, old:00010000
10-07 16:38:39.967: I/NfcNciHal(2380): [-][f:WakeuplockRequest][l:711] acquire_wake_lock()
10-07 16:38:39.967: I/BrcmNfcNfa(2380): nfc_main_hal_cback event: HAL_NFC_ACQ_WAKELOCK_EVT(0xc), status=0
10-07 16:38:39.967: I/BrcmNfcNfa(2380): nfc_main_hal_cback event: HAL_NFC_SLEEP_CPLT_EVT(0xa), status=0
10-07 16:38:39.967: I/NfcNciHal(2380): init state: 0->10(CLOSING)
10-07 16:38:39.967: I/NfcNciHal(2380): nfc_hal_dm_ce_recover_config (): next_dm_config = 0
10-07 16:38:39.967: I/NfcNciHal(2380): nfc_hal_dm_send_nci_cmd (): nci_wait_rsp = 0x0
10-07 16:38:39.967: I/BrcmNfcNfa(2380): nfc_main_handle_hal_evt(): HAL event=0xc
10-07 16:38:39.967: I/BrcmNfcNfa(2380): nfa_dm_nfc_response_cback () NFC_WAKELOCK_EVT(0x5015)
10-07 16:38:39.968: D/NfcService(2380): onLibNfcWakelock(true,true)
10-07 16:38:39.970: I/BrcmNfcNfa(2380): nfc_main_handle_hal_evt(): HAL event=0xa
10-07 16:38:39.971: I/BrcmNfcNfa(2380): nfc_main_sleepcontrol_sm_execute(3, 0)
10-07 16:38:39.971: I/BrcmNfcNfa(2380): nfc_main_sleepcontrol_sm_execute  DH=0, dh=0, OTHER=0, other=0
10-07 16:38:39.971: I/BrcmNfcNfa(2380): nfa_dm_nfc_response_cback () NFC_NFCC_SLEEP_CONTROL_EVT(0x5014)
10-07 16:38:39.973: I/NfcNciHal(2380): nfc_hal_dm_power_mode_execute () event = 0
10-07 16:38:39.973: I/NfcNciHal(2380): p_buf->len: 9
10-07 16:38:39.976: W/cnss_diag(689): type=1400 audit(0.0:31300): avc: denied { search } for name="default" dev="tmpfs" ino=16462 scontext=u:r:wcnss_service:s0 tcontext=u:object_r:storage_file:s0 tclass=dir permissive=0
10-07 16:38:39.976: W/cnss_diag(689): type=1400 audit(0.0:31301): avc: denied { search } for name="default" dev="tmpfs" ino=16462 scontext=u:r:wcnss_service:s0 tcontext=u:object_r:storage_file:s0 tclass=dir permissive=0
10-07 16:38:39.976: W/cnss_diag(689): type=1400 audit(0.0:31302): avc: denied { search } for name="default" dev="tmpfs" ino=16462 scontext=u:r:wcnss_service:s0 tcontext=u:object_r:storage_file:s0 tclass=dir permissive=0
10-07 16:38:39.976: W/cnss_diag(689): type=1400 audit(0.0:31303): avc: denied { search } for name="default" dev="tmpfs" ino=16462 scontext=u:r:wcnss_service:s0 tcontext=u:object_r:storage_file:s0 tclass=dir permissive=0
10-07 16:38:39.976: W/cnss_diag(689): type=1400 audit(0.0:31304): avc: denied { search } for name="default" dev="tmpfs" ino=16462 scontext=u:r:wcnss_service:s0 tcontext=u:object_r:storage_file:s0 tclass=dir permissive=0
10-07 16:38:39.976: W/cnss_diag(689): type=1400 audit(0.0:31305): avc: denied { search } for name="default" dev="tmpfs" ino=16462 scontext=u:r:wcnss_service:s0 tcontext=u:object_r:storage_file:s0 tclass=dir permissive=0
10-07 16:38:39.997: E/native(1493): do suspend true
10-07 16:38:40.009: W/ContextImpl(3420): Calling a method in the system process without a qualified user: android.app.ContextImpl.startService:1235 android.content.ContextWrapper.startService:581 jp.co.sharp.android.longenergymode.LongEnergyReceiver.startService:176 jp.co.sharp.android.longenergymode.LongEnergyReceiver.onReceive:88 android.app.LoadedApk$ReceiverDispatcher$Args.run:920 
10-07 16:38:40.025: W/ContextImpl(1905): Calling a method in the system process without a qualified user: android.app.ContextImpl.sendBroadcast:777 android.content.ContextWrapper.sendBroadcast:396 jp.co.sharp.android.settings.RelaxAutoReceiverService$1.onReceive:39 android.app.LoadedApk$ReceiverDispatcher$Args.run:920 android.os.Handler.handleCallback:739 
10-07 16:38:40.033: E/LibSecureUISvc(2472): svc_sock_send_message(suisvc): Error sending data, -1 vs 4: Connection refused
10-07 16:38:40.074: I/NfcNciHal(2380): nfc_hal_nci_preproc_rx_nci_msg()
10-07 16:38:40.074: I/NfcNciHal(2380): nfc_hal_dm_proc_msg_during_init(): init state:10
10-07 16:38:40.074: I/NfcNciHal(2380): nfc_hal_dm_ce_recover_cback (): Event = 0x0002
10-07 16:38:40.074: I/NfcNciHal(2380): nfc_hal_dm_ce_recover_config (): next_dm_config = 1
10-07 16:38:40.074: I/NfcNciHal(2380): nfc_hal_dm_send_nci_cmd (): nci_wait_rsp = 0x0
10-07 16:38:40.079: I/NfcNciHal(2380): nfc_hal_dm_power_mode_execute () event = 0
10-07 16:38:40.079: I/NfcNciHal(2380): p_buf->len: 5
10-07 16:38:40.086: I/NfcNciHal(2380): nfc_hal_nci_preproc_rx_nci_msg()
10-07 16:38:40.086: I/NfcNciHal(2380): nfc_hal_dm_proc_msg_during_init(): init state:10
10-07 16:38:40.086: I/NfcNciHal(2380): nfc_hal_dm_ce_recover_cback (): Event = 0x0003
10-07 16:38:40.086: I/NfcNciHal(2380): nfc_hal_dm_ce_recover_config (): next_dm_config = 2
10-07 16:38:40.086: I/NfcNciHal(2380): HAL_NfcSetPonState ()
10-07 16:38:40.086: I/NfcNciHal(2380): init state: 10->0(IDLE)
10-07 16:38:40.086: I/PowerManagerNotifier(1493): power_screen_broadcast_done : go to sleep broadcast time = 284 ms
10-07 16:38:40.086: I/NfcNciHal(2380): [I][f:PonTerminalRequest][l:642] now:00000000, old:00300000
10-07 16:38:40.086: I/NfcNciHal(2380): [-][f:PonTerminalRequest][l:652] ON -> OFF
10-07 16:38:40.096: I/BrcmNfcNfa(2380): nfc_main_hal_cback event: HAL_NFC_SLEEP_CPLT_EVT(0xa), status=1
10-07 16:38:40.096: I/NfcNciHal(2380): [-][f:WakeuplockRequest][l:706] release_wake_lock()
10-07 16:38:40.096: I/BrcmNfcNfa(2380): nfc_main_hal_cback event: HAL_NFC_REL_WAKELOCK_EVT(0xd), status=0
10-07 16:38:40.096: I/BrcmNfcNfa(2380): nfc_main_handle_hal_evt(): HAL event=0xa
10-07 16:38:40.097: I/BrcmNfcNfa(2380): nfc_main_sleepcontrol_sm_execute(3, 0)
10-07 16:38:40.097: I/BrcmNfcNfa(2380): nfc_main_sleepcontrol_sm_execute  DH=0, dh=0, OTHER=0, other=0
10-07 16:38:40.097: I/BrcmNfcNfa(2380): nfa_dm_nfc_response_cback () NFC_NFCC_SLEEP_CONTROL_EVT(0x5014)
10-07 16:38:40.097: I/BrcmNfcNfa(2380): nfc_main_handle_hal_evt(): HAL event=0xd
10-07 16:38:40.097: I/BrcmNfcNfa(2380): nfa_dm_nfc_response_cback () NFC_WAKELOCK_EVT(0x5015)
10-07 16:38:40.099: D/NfcService(2380): onLibNfcWakelock(true,false)
10-07 16:38:40.476: W/cnss_diag(689): type=1400 audit(0.0:31306): avc: denied { search } for name="default" dev="tmpfs" ino=16462 scontext=u:r:wcnss_service:s0 tcontext=u:object_r:storage_file:s0 tclass=dir permissive=0
10-07 16:38:40.476: W/cnss_diag(689): type=1400 audit(0.0:31307): avc: denied { search } for name="default" dev="tmpfs" ino=16462 scontext=u:r:wcnss_service:s0 tcontext=u:object_r:storage_file:s0 tclass=dir permissive=0
10-07 16:38:40.476: W/cnss_diag(689): type=1400 audit(0.0:31308): avc: denied { search } for name="default" dev="tmpfs" ino=16462 scontext=u:r:wcnss_service:s0 tcontext=u:object_r:storage_file:s0 tclass=dir permissive=0
10-07 16:38:40.476: W/cnss_diag(689): type=1400 audit(0.0:31309): avc: denied { search } for name="default" dev="tmpfs" ino=16462 scontext=u:r:wcnss_service:s0 tcontext=u:object_r:storage_file:s0 tclass=dir permissive=0
10-07 16:38:42.860: I/NextiIntlDialAssistUtils(1493): onSignalStrengthsChanged()...signalStrength=SignalStrength: 99 0 -120 -160 -120 -1 -1 27 -85 -5 236 2147483647 2147483647 2147483647 gsm|lte
10-07 16:38:45.436: I/NextiIntlDialAssistUtils(1493): onSignalStrengthsChanged()...signalStrength=SignalStrength: 99 0 -120 -160 -120 -1 -1 26 -84 -4 260 2147483647 2147483647 2147483647 gsm|lte
10-07 16:38:45.732: I/libmdmdetect(16714): No supported ESOC's found
10-07 16:38:45.733: I/libmdmdetect(16714): Found internal modem: modem
10-07 16:38:45.733: I/libmdmdetect(16714): modem subsystem found
10-07 16:38:45.735: I/libmdmdetect(16714): No supported ESOC's found
10-07 16:38:45.735: I/libmdmdetect(16714): Found internal modem: modem
10-07 16:38:45.735: I/libmdmdetect(16714): modem subsystem found
10-07 16:38:46.726: D/BluetoothGatt(16033): setCharacteristicNotification() - uuid: 72c90004-57a9-4d40-b746-534e22ec9f9e enable: true
10-07 16:38:46.730: D/BtGatt.GattService(14387): registerForNotification() - address=D0:B5:2B:A7:59:84 enable: true
10-07 16:38:46.731: D/BtGatt.GattService(14387): onRegisterForNotifications() - address=null, status=0, registered=1, charUuid=72c90004-57a9-4d40-b746-534e22ec9f9e
10-07 16:38:48.421: D/BluetoothGatt(16033): setCharacteristicNotification() - uuid: 72c90003-57a9-4d40-b746-534e22ec9f9e enable: true
10-07 16:38:48.425: D/BtGatt.GattService(14387): registerForNotification() - address=D0:B5:2B:A7:59:84 enable: true
10-07 16:38:48.426: D/BtGatt.GattService(14387): onRegisterForNotifications() - address=null, status=0, registered=1, charUuid=72c90003-57a9-4d40-b746-534e22ec9f9e
10-07 16:38:50.554: I/NextiIntlDialAssistUtils(1493): onSignalStrengthsChanged()...signalStrength=SignalStrength: 99 0 -120 -160 -120 -1 -1 26 -83 -4 276 2147483647 2147483647 2147483647 gsm|lte
10-07 16:38:53.108: I/NextiIntlDialAssistUtils(1493): onSignalStrengthsChanged()...signalStrength=SignalStrength: 99 0 -120 -160 -120 -1 -1 26 -85 -4 244 2147483647 2147483647 2147483647 gsm|lte
10-07 16:38:55.768: I/libmdmdetect(16852): No supported ESOC's found
10-07 16:38:55.768: I/libmdmdetect(16852): Found internal modem: modem
10-07 16:38:55.768: I/libmdmdetect(16852): modem subsystem found
10-07 16:38:55.770: I/libmdmdetect(16852): No supported ESOC's found
10-07 16:38:55.771: I/libmdmdetect(16852): Found internal modem: modem
10-07 16:38:55.771: I/libmdmdetect(16852): modem subsystem found
10-07 16:38:58.230: I/NextiIntlDialAssistUtils(1493): onSignalStrengthsChanged()...signalStrength=SignalStrength: 99 0 -120 -160 -120 -1 -1 26 -86 -4 228 2147483647 2147483647 2147483647 gsm|lte
10-07 16:38:59.685: I/TetherStatsReporting(1493): getTetherStats() called NetworkStats: elapsedRealtime=28852062
10-07 16:38:59.685: I/TetherStatsReporting(1493):   [0] iface=rmnet_data7 uid=0 set=DEFAULT tag=0x0 rxBytes=6568 rxPackets=66 txBytes=1472 txPackets=22 operations=0
10-07 16:38:59.685: I/TetherStatsReporting(1493):   [1] iface=rmnet_data7 uid=0 set=FOREGROUND tag=0x0 rxBytes=0 rxPackets=0 txBytes=0 txPackets=0 operations=0
10-07 16:38:59.685: I/TetherStatsReporting(1493):   [2] iface=rmnet_data0 uid=0 set=DEFAULT tag=0x0 rxBytes=306948 rxPackets=2563 txBytes=97676 txPackets=1643 operations=0
10-07 16:38:59.685: I/TetherStatsReporting(1493):   [3] iface=rmnet_data0 uid=0 set=FOREGROUND tag=0x0 rxBytes=0 rxPackets=0 txBytes=0 txPackets=0 operations=0
10-07 16:38:59.685: I/TetherStatsReporting(1493):   [4] iface=rmnet_data0 uid=1000 set=DEFAULT tag=0x0 rxBytes=12191 rxPackets=181 txBytes=541725 txPackets=402 operations=0
10-07 16:38:59.685: I/TetherStatsReporting(1493):   [5] iface=rmnet_data0 uid=1000 set=FOREGROUND tag=0x0 rxBytes=0 rxPackets=0 txBytes=0 txPackets=0 operations=0
10-07 16:38:59.685: I/TetherStatsReporting(1493):   [6] iface=rmnet_data0 uid=10018 set=DEFAULT tag=0x0 rxBytes=5454 rxPackets=9 txBytes=1693 txPackets=11 operations=0
10-07 16:38:59.685: I/TetherStatsReporting(1493):   [7] iface=rmnet_data0 uid=10018 set=FOREGROUND tag=0x0 rxBytes=0 rxPackets=0 txBytes=0 txPackets=0 operations=0
10-07 16:38:59.685: I/TetherStatsReporting(1493):   [8] iface=rmnet_data0 uid=10020 set=DEFAULT tag=0x0 rxBytes=250777 rxPackets=501 txBytes=118289 txPackets=549 operations=0
10-07 16:38:59.685: I/TetherStatsReporting(1493):   [9] iface=rmnet_data0 uid=10020 set=FOREGROUND tag=0x0 rxBytes=0 rxPackets=0 txBytes=0 txPackets=0 operations=0
10-07 16:38:59.685: I/TetherStatsReporting(1493):   [10] iface=rmnet_data0 uid=10023 set=DEFAULT tag=0x0 rxBytes=0 rxPackets=0 txBytes=728 txPackets=14 operations=7
10-07 16:38:59.685: I/TetherStatsReporting(1493):   [11] iface=rmnet_data0 uid=10023 set=FOREGROUND tag=0x0 rxBytes=0 rxPackets=0 txBytes=0 txPackets=0 operations=0
10-07 16:38:59.685: I/TetherStatsReporting(1493):   [12] iface=rmnet_data0 uid=10025 set=DEFAULT tag=0x0 rxBytes=926 rxPackets=7 txBytes=2749 txPackets=8 operations=0
10-07 16:38:59.685: I/TetherStatsReporting(1493):   [13] iface=rmnet_data0 uid=10025 set=FOREGROUND tag=0x0 rxBytes=0 rxPackets=0 txBytes=0 txPackets=0 operations=0
10-07 16:38:59.685: I/TetherStatsReporting(1493):   [14] iface=rmnet_data0 uid=10030 set=DEFAULT tag=0x0 rxBytes=568546 rxPackets=1109 txBytes=317472 txPackets=1192 operations=0
10-07 16:38:59.685: I/TetherStatsReporting(1493):   [15] iface=rmnet_data0 uid=10030 set=FOREGROUND tag=0x0 rxBytes=99630 rxPackets=292 txBytes=82492 txPackets=347 operations=0
10-07 16:38:59.685: I/TetherStatsReporting(1493):   [16] iface=rmnet_data0 uid=10047 set=DEFAULT tag=0x0 rxBytes=3040035 rxPackets=1434 txBytes=213120 txPackets=1188 operations=0
10-07 16:38:59.685: I/TetherStatsReporting(1493):   [17] iface=rmnet_data0 uid=10047 set=FOREGROUND tag=0x0 rxBytes=19204416 rxPackets=9863 txBytes=678936 txPackets=7264 operations=0
10-07 16:38:59.685: I/TetherStatsReporting(1493):   [18] iface=rmnet_data0 uid=10075 set=DEFAULT tag=0x0 rxBytes=13387 rxPackets=25 txBytes=8694 txPackets=26 operations=0
10-07 16:38:59.685: I/TetherStatsReporting(1493):   [19] iface=rmnet_data0 uid=10075 set=FOREGROUND tag=0x0 rxBytes=0 rxPackets=0 txBytes=0 txPackets=0 operations=0
10-07 16:38:59.685: I/TetherStatsReporting(1493):   [20] iface=rmnet_data0 uid=10090 set=DEFAULT tag=0x0 rxBytes=3022 rxPackets=47 txBytes=177273 txPackets=128 operations=0
10-07 16:38:59.685: I/TetherStatsReporting(1493):   [21] iface=rmnet_data0 uid=10090 set=FOREGROUND tag=0x0 rxBytes=0 rxPackets=0 txBytes=0 txPackets=0 operations=0
10-07 16:38:59.685: I/TetherStatsReporting(1493):   [22] iface=rmnet_data0 uid=10091 set=DEFAULT tag=0x0 rxBytes=77608 rxPackets=258 txBytes=49318 txPackets=403 operations=0
10-07 16:38:59.685: I/TetherStatsReporting(1493):   [23] iface=rmnet_data0 uid=10091 set=FOREGROUND tag=0x0 rxBytes=0 rxPackets=0 txBytes=0 txPackets=0 operations=0
10-07 16:38:59.685: I/TetherStatsReporting(1493):   [24] iface=rmnet_data0 uid=10108 set=DEFAULT tag=0x0 rxBytes=118590 rxPackets=450 txBytes=72191 txPackets=472 operations=0
10-07 16:38:59.685: I/TetherStatsReporting(1493):   [25] iface=rmnet_data0 uid=10108 set=FOREGROUND tag=0x0 rxBytes=6584612 rxPackets=5812 txBytes=734123 txPackets=5574 operations=0
10-07 16:38:59.685: I/TetherStatsReporting(1493):   [26] iface=rmnet_data0 uid=10129 set=DEFAULT tag=0x0 rxBytes=119247 rxPackets=87 txBytes=10007 txPackets=88 operations=3
10-07 16:38:59.685: I/TetherStatsReporting(1493):   [27] iface=rmnet_data0 uid=10129 set=FOREGROUND tag=0x0 rxBytes=0 rxPackets=0 txBytes=0 txPackets=0 operations=0
10-07 16:38:59.685: I/TetherStatsReporting(1493):   [28] iface=rmnet_data0 uid=10136 set=DEFAULT tag=0x0 rxBytes=16013 rxPackets=35 txBytes=8358 txPackets=39 operations=0
10-07 16:38:59.685: I/TetherStatsReporting(1493):   [29] iface=rmnet_data0 uid=10136 set=FOREGROUND tag=0x0 rxBytes=0 rxPackets=0 txBytes=0 txPackets=0 operations=0
10-07 16:38:59.685: I/TetherStatsReporting(1493):   [30] iface=rmnet_data0 uid=10148 set=DEFAULT tag=0x0 rxBytes=37169 rxPackets=60 txBytes=12517 txPackets=70 operations=0
10-07 16:38:59.685: I/TetherStatsReporting(1493):   [31] iface=rmnet_data0 uid=10148 set=FOREGROUND tag=0x0 rxBytes=0 rxPackets=0 txBytes=0 txPackets=0 operations=0
10-07 16:38:59.685: I/TetherStatsReporting(1493):   [32] iface=rmnet_data0 uid=10183 set=DEFAULT tag=0x0 rxBytes=9293 rxPackets=12 txBytes=2583 txPackets=18 operations=0
10-07 16:38:59.685: I/TetherStatsReporting(1493):   [33] iface=rmnet_data0 uid=10183 set=FOREGRO
10-07 16:38:59.685: I/TetherStatsReporting(1493): combining tether stats

